ARC: [plat-arcfpga] defconfig

With this we get to a running kernel on ISS

---------------------------------->8-----------------------------------
Linux version 3.8.0-rc3+ (vineetg@vineetg-Latitude) (gcc version 4.4.7
(ARCompact elf32 toolchain (built 20121213)) ) #3 Thu Jan 17 14:22:05
IST 2013
Board "arc-angel4" from snps (Manufacturer)
Memory size set via devicetree 256M
[plat-arcfpga]: registering early dev resources
bootconsole [early_ARCuart0] enabled
pcpu-alloc: s0 r0 d32768 u32768 alloc=1*32768
pcpu-alloc: [0] 0
Built 1 zonelists in Zone order, mobility grouping on.  Total pages:
32624
Kernel command line: console=ttyARC0,115200n8
PID hash table entries: 1024 (order: -1, 4096 bytes)
Dentry cache hash table entries: 32768 (order: 4, 131072 bytes)
Inode-cache hash table entries: 16384 (order: 3, 65536 bytes)
Memory Available: 248M / 256M (1312K code, 463K data, 4184K init, 1400K
reserv)
SLUB: Genslabs=12, HWalign=64, Order=0-3, MinObjects=0, CPUs=1, Nodes=1
NR_IRQS:16
Console: colour dummy device 80x25
Calibrating delay loop... 39.73 BogoMIPS (lpj=198656)
pid_max: default: 32768 minimum: 301
Mount-cache hash table entries: 1024
devtmpfs: initialized
[plat-arcfpga]: registering device resources
bio: create slab <bio-0> at 0
Switching to clocksource ARC RTSC
io scheduler noop registered (default)
arc-uart: ttyARC0 at MMIO 0xc0fc1000 (irq = 5) is a arc-uart
console [ttyARC0] enabled, bootconsole disabled
console [ttyARC0] enabled, bootconsole disabled
mousedev: PS/2 mouse device common for all mice
Warning: unable to open an initial console.
Freeing unused kernel memory: 4184k [80002000] to [80418000]
Mounting proc
Mounting sysfs
Mounting devpts
Setting hostname to ARCLinux
Starting System logger (syslogd)
Bringing up loopback device
ifconfig: socket: Function not implemented
route: socket: Function not implemented
Disk not detected !
Mounting tmpfs
mount: mounting tmpfs on /dev/shm failed: Invalid argument
/etc/init.d/rcS: line 76: can't create /proc/sys/kernel/msgmni:
nonexistent directory

Please press Enter to activate this console.
***********************************************************************
                        Welcome to ARCLinux
***********************************************************************
[ARCLinux]$

---------------------------------->8-----------------------------------

Signed-off-by: Vineet Gupta <vgupta@synopsys.com>

